// Jest Snapshot v1, https://goo.gl/fbAQLP

exports[`<Body /> it renders correctly 1`] = `
<div
  style={Object {}}
/>
`;
