// Jest Snapshot v1, https://goo.gl/fbAQLP

exports[`<Header /> it renders correctly 1`] = `
<div
  style={
    Object {
      "display": "flex",
      "flexDirection": "column",
      "justifyContent": "center",
    }
  }
/>
`;
