// Jest Snapshot v1, https://goo.gl/fbAQLP

exports[`<MainPage /> it renders correctly 1`] = `
<Card>
  <Header>
    <div
      style={
        Object {
          "fontSize": 20,
          "marginBottom": 12,
          "textAlign": "center",
        }
      }
    >
      Latest exchange rates
    </div>
    <FetchButton
      clickHandler={[Function]}
      loading={false}
    />
  </Header>
  <Body />
</Card>
`;
