// Jest Snapshot v1, https://goo.gl/fbAQLP

exports[`<FetchButton /> it renders correctly 1`] = `
<button
  disabled={false}
  onClick={[MockFunction]}
>
  Get
</button>
`;
