// Jest Snapshot v1, https://goo.gl/fbAQLP

exports[`exchange reducer INITIAL_STATE is correct 1`] = `
Object {
  "data": undefined,
  "errors": undefined,
  "loading": false,
}
`;
